"","name","annotation","description","region","distance","subregion","insideDistance","exonnumber","nexons","UTR","strand","geneL","codingL","Geneid","subjectHits"
"1",NA,NA,"close to 3'","close to 3'",815,NA,NA,NA,1,NA,"+",60,NA,"100500815",1774
"2","LIPI","NM_001302998 NM_001302999 NM_001303000 NM_001303001 NM_001379565 NM_001379566 NM_145317 NM_198996 NP_001289927 NP_001289928 NP_001289929 NP_001289930 NP_001366494 NP_001366495 NP_945347 XM_006723965 XP_006724028","downstream","downstream",125774,NA,NA,NA,8,NA,"-",102077,101886,"149998",12870
"3","TMPRSS15","NM_002772 NP_002763 XM_011529654 XM_011529655 XM_011529656 XM_011529657 XM_011529658 XM_011529659 XP_011527956 XP_011527957 XP_011527958 XP_011527959 XP_011527960 XP_011527961","upstream","upstream",454170,NA,NA,NA,25,NA,"-",134537,133653,"5651",47008
"4","TMPRSS15","NM_002772 NP_002763 XM_011529654 XM_011529655 XM_011529656 XM_011529657 XM_011529658 XM_011529659 XP_011527956 XP_011527957 XP_011527958 XP_011527959 XP_011527960 XP_011527961","upstream","upstream",454475,NA,NA,NA,25,NA,"-",134537,133653,"5651",47008
"5","APP","NM_000484 NM_001136016 NM_001136129 NM_001136130 NM_001136131 NM_001204301 NM_001204302 NM_001204303 NM_001385253 NM_201413 NM_201414 NP_000475 NP_001129488 NP_001129601 NP_001129602 NP_001129603 NP_001191230 NP_001191231 NP_001191232 NP_001372182 NP_958816 NP_958817 XM_024452075 XP_024307843","inside exon","inside",289903,"inside exon",0,16,16,"3'UTR","-",290585,230434,"351",31161
"6","APP","NM_000484 NM_001136016 NM_001136129 NM_001136130 NM_001136131 NM_001204301 NM_001204302 NM_001204303 NM_001385253 NM_201413 NM_201414 NP_000475 NP_001129488 NP_001129601 NP_001129602 NP_001129603 NP_001191230 NP_001191231 NP_001191232 NP_001372182 NP_958816 NP_958817 XM_024452075 XP_024307843","inside exon","inside",289899,"inside exon",0,16,16,"3'UTR","-",290585,230434,"351",31161
"7","APP","NM_000484 NM_001136016 NM_001136129 NM_001136130 NM_001136131 NM_001204301 NM_001204302 NM_001204303 NM_001385253 NM_201413 NM_201414 NP_000475 NP_001129488 NP_001129601 NP_001129602 NP_001129603 NP_001191230 NP_001191231 NP_001191232 NP_001372182 NP_958816 NP_958817 XM_024452075 XP_024307843","inside exon","inside",289895,"inside exon",0,16,16,"3'UTR","-",290585,230434,"351",31161
"8","APP","NM_000484 NM_001136016 NM_001136129 NM_001136130 NM_001136131 NM_001204301 NM_001204302 NM_001204303 NM_001385253 NM_201413 NM_201414 NP_000475 NP_001129488 NP_001129601 NP_001129602 NP_001129603 NP_001191230 NP_001191231 NP_001191232 NP_001372182 NP_958816 NP_958817 XM_024452075 XP_024307843","inside exon","inside",289884,"inside exon",0,16,16,"3'UTR","-",290585,230434,"351",31161
"9","APP","NM_000484 NM_001136016 NM_001136129 NM_001136130 NM_001136131 NM_001204301 NM_001204302 NM_001204303 NM_001385253 NM_201413 NM_201414 NP_000475 NP_001129488 NP_001129601 NP_001129602 NP_001129603 NP_001191230 NP_001191231 NP_001191232 NP_001372182 NP_958816 NP_958817 XM_024452075 XP_024307843","inside exon","inside",289865,"inside exon",0,16,16,"3'UTR","-",290585,230434,"351",31161
"10","APP","NM_000484 NM_001136016 NM_001136129 NM_001136130 NM_001136131 NM_001204301 NM_001204302 NM_001204303 NM_001385253 NM_201413 NM_201414 NP_000475 NP_001129488 NP_001129601 NP_001129602 NP_001129603 NP_001191230 NP_001191231 NP_001191232 NP_001372182 NP_958816 NP_958817 XM_024452075 XP_024307843","inside exon","inside",289716,"inside exon",0,16,16,"3'UTR","-",290585,230434,"351",31161
"11","APP","NM_000484 NM_001136016 NM_001136129 NM_001136130 NM_001136131 NM_001204301 NM_001204302 NM_001204303 NM_001385253 NM_201413 NM_201414 NP_000475 NP_001129488 NP_001129601 NP_001129602 NP_001129603 NP_001191230 NP_001191231 NP_001191232 NP_001372182 NP_958816 NP_958817 XM_024452075 XP_024307843","inside exon","inside",289482,"inside exon",0,16,16,"3'UTR","-",290585,230434,"351",31161
"12","APP","NM_000484 NM_001136016 NM_001136129 NM_001136130 NM_001136131 NM_001204301 NM_001204302 NM_001204303 NM_001385253 NM_201413 NM_201414 NP_000475 NP_001129488 NP_001129601 NP_001129602 NP_001129603 NP_001191230 NP_001191231 NP_001191232 NP_001372182 NP_958816 NP_958817 XM_024452075 XP_024307843","inside exon","inside",289364,"inside exon",0,16,16,"overlaps 3'UTR","-",290585,230434,"351",31161
"13","APP","NM_000484 NM_001136016 NM_001136129 NM_001136130 NM_001136131 NM_001204301 NM_001204302 NM_001204303 NM_001385253 NM_201413 NM_201414 NP_000475 NP_001129488 NP_001129601 NP_001129602 NP_001129603 NP_001191230 NP_001191231 NP_001191232 NP_001372182 NP_958816 NP_958817 XM_024452075 XP_024307843","inside exon","inside",279266,"inside exon",0,15,16,"inside transcription region","-",290585,230434,"351",31161
"14","APP","NM_000484 NM_001136016 NM_001136129 NM_001136130 NM_001136131 NM_001204301 NM_001204302 NM_001204303 NM_001385253 NM_201413 NM_201414 NP_000475 NP_001129488 NP_001129601 NP_001129602 NP_001129603 NP_001191230 NP_001191231 NP_001191232 NP_001372182 NP_958816 NP_958817 XM_024452075 XP_024307843","inside exon","inside",273461,"inside exon",0,14,16,"inside transcription region","-",290585,230434,"351",31161
"15","APP","NM_000484 NM_001136016 NM_001136129 NM_001136130 NM_001136131 NM_001204301 NM_001204302 NM_001204303 NM_001385253 NM_201413 NM_201414 NP_000475 NP_001129488 NP_001129601 NP_001129602 NP_001129603 NP_001191230 NP_001191231 NP_001191232 NP_001372182 NP_958816 NP_958817 XM_024452075 XP_024307843","inside exon","inside",266058,"inside exon",0,13,16,"inside transcription region","-",290585,230434,"351",31161
"16","APP","NM_000484 NM_001136016 NM_001136129 NM_001136130 NM_001136131 NM_001204301 NM_001204302 NM_001204303 NM_001385253 NM_201413 NM_201414 NP_000475 NP_001129488 NP_001129601 NP_001129602 NP_001129603 NP_001191230 NP_001191231 NP_001191232 NP_001372182 NP_958816 NP_958817 XM_024452075 XP_024307843","inside exon","inside",259378,"inside exon",0,12,16,"inside transcription region","-",290585,230434,"351",31161
"17","APP","NM_000484 NM_001136016 NM_001136129 NM_001136130 NM_001136131 NM_001204301 NM_001204302 NM_001204303 NM_001385253 NM_201413 NM_201414 NP_000475 NP_001129488 NP_001129601 NP_001129602 NP_001129603 NP_001191230 NP_001191231 NP_001191232 NP_001372182 NP_958816 NP_958817 XM_024452075 XP_024307843","inside exon","inside",259367,"inside exon",0,12,16,"inside transcription region","-",290585,230434,"351",31161
"18","APP","NM_000484 NM_001136016 NM_001136129 NM_001136130 NM_001136131 NM_001204301 NM_001204302 NM_001204303 NM_001385253 NM_201413 NM_201414 NP_000475 NP_001129488 NP_001129601 NP_001129602 NP_001129603 NP_001191230 NP_001191231 NP_001191232 NP_001372182 NP_958816 NP_958817 XM_024452075 XP_024307843","inside exon","inside",259363,"inside exon",0,12,16,"inside transcription region","-",290585,230434,"351",31161
"19","APP","NM_000484 NM_001136016 NM_001136129 NM_001136130 NM_001136131 NM_001204301 NM_001204302 NM_001204303 NM_001385253 NM_201413 NM_201414 NP_000475 NP_001129488 NP_001129601 NP_001129602 NP_001129603 NP_001191230 NP_001191231 NP_001191232 NP_001372182 NP_958816 NP_958817 XM_024452075 XP_024307843","inside exon","inside",259355,"inside exon",0,12,16,"inside transcription region","-",290585,230434,"351",31161
"20","APP","NM_000484 NM_001136016 NM_001136129 NM_001136130 NM_001136131 NM_001204301 NM_001204302 NM_001204303 NM_001385253 NM_201413 NM_201414 NP_000475 NP_001129488 NP_001129601 NP_001129602 NP_001129603 NP_001191230 NP_001191231 NP_001191232 NP_001372182 NP_958816 NP_958817 XM_024452075 XP_024307843","inside exon","inside",259338,"inside exon",0,12,16,"inside transcription region","-",290585,230434,"351",31161
"21","APP","NM_000484 NM_001136016 NM_001136129 NM_001136130 NM_001136131 NM_001204301 NM_001204302 NM_001204303 NM_001385253 NM_201413 NM_201414 NP_000475 NP_001129488 NP_001129601 NP_001129602 NP_001129603 NP_001191230 NP_001191231 NP_001191232 NP_001372182 NP_958816 NP_958817 XM_024452075 XP_024307843","inside exon","inside",259329,"inside exon",0,12,16,"inside transcription region","-",290585,230434,"351",31161
"22","APP","NM_000484 NM_001136016 NM_001136129 NM_001136130 NM_001136131 NM_001204301 NM_001204302 NM_001204303 NM_001385253 NM_201413 NM_201414 NP_000475 NP_001129488 NP_001129601 NP_001129602 NP_001129603 NP_001191230 NP_001191231 NP_001191232 NP_001372182 NP_958816 NP_958817 XM_024452075 XP_024307843","inside exon","inside",259172,"inside exon",0,12,16,"inside transcription region","-",290585,230434,"351",31161
"23","APP","NM_000484 NM_001136016 NM_001136129 NM_001136130 NM_001136131 NM_001204301 NM_001204302 NM_001204303 NM_001385253 NM_201413 NM_201414 NP_000475 NP_001129488 NP_001129601 NP_001129602 NP_001129603 NP_001191230 NP_001191231 NP_001191232 NP_001372182 NP_958816 NP_958817 XM_024452075 XP_024307843","inside exon","inside",216535,"inside exon",0,11,16,"inside transcription region","-",290585,230434,"351",31161
"24","APP","NM_000484 NM_001136016 NM_001136129 NM_001136130 NM_001136131 NM_001204301 NM_001204302 NM_001204303 NM_001385253 NM_201413 NM_201414 NP_000475 NP_001129488 NP_001129601 NP_001129602 NP_001129603 NP_001191230 NP_001191231 NP_001191232 NP_001372182 NP_958816 NP_958817 XM_024452075 XP_024307843","inside exon","inside",216511,"inside exon",0,11,16,"inside transcription region","-",290585,230434,"351",31161
"25","APP","NM_000484 NM_001136016 NM_001136129 NM_001136130 NM_001136131 NM_001204301 NM_001204302 NM_001204303 NM_001385253 NM_201413 NM_201414 NP_000475 NP_001129488 NP_001129601 NP_001129602 NP_001129603 NP_001191230 NP_001191231 NP_001191232 NP_001372182 NP_958816 NP_958817 XM_024452075 XP_024307843","inside exon","inside",216488,"inside exon",0,11,16,"inside transcription region","-",290585,230434,"351",31161
"26","APP","NM_000484 NM_001136016 NM_001136129 NM_001136130 NM_001136131 NM_001204301 NM_001204302 NM_001204303 NM_001385253 NM_201413 NM_201414 NP_000475 NP_001129488 NP_001129601 NP_001129602 NP_001129603 NP_001191230 NP_001191231 NP_001191232 NP_001372182 NP_958816 NP_958817 XM_024452075 XP_024307843","inside exon","inside",216483,"inside exon",0,11,16,"inside transcription region","-",290585,230434,"351",31161
"27","APP","NM_000484 NM_001136016 NM_001136129 NM_001136130 NM_001136131 NM_001204301 NM_001204302 NM_001204303 NM_001385253 NM_201413 NM_201414 NP_000475 NP_001129488 NP_001129601 NP_001129602 NP_001129603 NP_001191230 NP_001191231 NP_001191232 NP_001372182 NP_958816 NP_958817 XM_024452075 XP_024307843","inside exon","inside",216447,"inside exon",0,11,16,"inside transcription region","-",290585,230434,"351",31161
"28","APP","NM_000484 NM_001136016 NM_001136129 NM_001136130 NM_001136131 NM_001204301 NM_001204302 NM_001204303 NM_001385253 NM_201413 NM_201414 NP_000475 NP_001129488 NP_001129601 NP_001129602 NP_001129603 NP_001191230 NP_001191231 NP_001191232 NP_001372182 NP_958816 NP_958817 XM_024452075 XP_024307843","inside exon","inside",215447,"inside exon",0,10,16,"inside transcription region","-",290585,230434,"351",31161
"29","APP","NM_000484 NM_001136016 NM_001136129 NM_001136130 NM_001136131 NM_001204301 NM_001204302 NM_001204303 NM_001385253 NM_201413 NM_201414 NP_000475 NP_001129488 NP_001129601 NP_001129602 NP_001129603 NP_001191230 NP_001191231 NP_001191232 NP_001372182 NP_958816 NP_958817 XM_024452075 XP_024307843","inside exon","inside",195905,"inside exon",0,9,16,"inside transcription region","-",290585,230434,"351",31161
"30","APP","NM_000484 NM_001136016 NM_001136129 NM_001136130 NM_001136131 NM_001204301 NM_001204302 NM_001204303 NM_001385253 NM_201413 NM_201414 NP_000475 NP_001129488 NP_001129601 NP_001129602 NP_001129603 NP_001191230 NP_001191231 NP_001191232 NP_001372182 NP_958816 NP_958817 XM_024452075 XP_024307843","inside exon","inside",195151,"inside exon",0,8,16,"inside transcription region","-",290585,230434,"351",31161
"31","APP","NM_000484 NM_001136016 NM_001136129 NM_001136130 NM_001136131 NM_001204301 NM_001204302 NM_001204303 NM_001385253 NM_201413 NM_201414 NP_000475 NP_001129488 NP_001129601 NP_001129602 NP_001129603 NP_001191230 NP_001191231 NP_001191232 NP_001372182 NP_958816 NP_958817 XM_024452075 XP_024307843","inside exon","inside",195147,"inside exon",0,8,16,"inside transcription region","-",290585,230434,"351",31161
"32","APP","NM_000484 NM_001136016 NM_001136129 NM_001136130 NM_001136131 NM_001204301 NM_001204302 NM_001204303 NM_001385253 NM_201413 NM_201414 NP_000475 NP_001129488 NP_001129601 NP_001129602 NP_001129603 NP_001191230 NP_001191231 NP_001191232 NP_001372182 NP_958816 NP_958817 XM_024452075 XP_024307843","inside exon","inside",148859,"inside exon",0,6,7,"inside transcription region","-",161218,160762,"351",31162
"33","APP","NM_000484 NM_001136016 NM_001136129 NM_001136130 NM_001136131 NM_001204301 NM_001204302 NM_001204303 NM_001385253 NM_201413 NM_201414 NP_000475 NP_001129488 NP_001129601 NP_001129602 NP_001129603 NP_001191230 NP_001191231 NP_001191232 NP_001372182 NP_958816 NP_958817 XM_024452075 XP_024307843","inside exon","inside",148855,"inside exon",0,6,7,"inside transcription region","-",161218,160762,"351",31162
"34","APP","NM_000484 NM_001136016 NM_001136129 NM_001136130 NM_001136131 NM_001204301 NM_001204302 NM_001204303 NM_001385253 NM_201413 NM_201414 NP_000475 NP_001129488 NP_001129601 NP_001129602 NP_001129603 NP_001191230 NP_001191231 NP_001191232 NP_001372182 NP_958816 NP_958817 XM_024452075 XP_024307843","inside exon","inside",80765,"inside exon",0,3,7,"inside transcription region","-",161218,160762,"351",31162
"35","APP","NM_000484 NM_001136016 NM_001136129 NM_001136130 NM_001136131 NM_001204301 NM_001204302 NM_001204303 NM_001385253 NM_201413 NM_201414 NP_000475 NP_001129488 NP_001129601 NP_001129602 NP_001129603 NP_001191230 NP_001191231 NP_001191232 NP_001372182 NP_958816 NP_958817 XM_024452075 XP_024307843","inside exon","inside",80752,"inside exon",0,3,7,"inside transcription region","-",161218,160762,"351",31162
"36","APP","NM_000484 NM_001136016 NM_001136129 NM_001136130 NM_001136131 NM_001204301 NM_001204302 NM_001204303 NM_001385253 NM_201413 NM_201414 NP_000475 NP_001129488 NP_001129601 NP_001129602 NP_001129603 NP_001191230 NP_001191231 NP_001191232 NP_001372182 NP_958816 NP_958817 XM_024452075 XP_024307843","inside exon","inside",58839,"inside exon",0,2,7,"inside transcription region","-",161218,160762,"351",31162
"37","SOD1","NM_000454 NP_000445","inside exon","inside",6840,"inside exon",0,3,5,"inside transcription region","+",9308,8808,"6647",55009
"38","SOD1","NM_000454 NP_000445","inside exon","inside",6846,"inside exon",0,3,5,"inside transcription region","+",9308,8808,"6647",55009
"39","SOD1","NM_000454 NP_000445","inside exon","inside",6850,"inside exon",0,3,5,"inside transcription region","+",9308,8808,"6647",55009
"40","SOD1","NM_000454 NP_000445","inside exon","inside",6858,"inside exon",0,3,5,"inside transcription region","+",9308,8808,"6647",55009
"41","SOD1","NM_000454 NP_000445","inside exon","inside",7709,"inside exon",0,4,5,"inside transcription region","+",9308,8808,"6647",55009
"42","SOD1","NM_000454 NP_000445","inside exon","inside",8849,"inside exon",0,5,5,"inside transcription region","+",9308,8808,"6647",55009
"43","SOD1","NM_000454 NP_000445","inside exon","inside",8955,"inside exon",0,5,5,"inside transcription region","+",9308,8808,"6647",55009
"44","SOD1","NM_000454 NP_000445","inside exon","inside",8965,"inside exon",0,5,5,"3'UTR","+",9308,8808,"6647",55009
"45","S100B","NM_006272 NP_006263 XM_017028424 XP_016883913","inside exon","inside",5621,"inside exon",0,4,4,"inside transcription region","-",6504,2964,"6285",51509
